src/controllers/bookingController.ts(71,53): error TS2322: Type 'string | string[]' is not assignable to type 'string | undefined'.
  Type 'string[]' is not assignable to type 'string'.
src/controllers/bookingController.ts(80,57): error TS2322: Type 'string | string[]' is not assignable to type 'string | undefined'.
  Type 'string[]' is not assignable to type 'string'.
src/controllers/bookingController.ts(89,49): error TS2322: Type 'string | string[]' is not assignable to type 'string | undefined'.
  Type 'string[]' is not assignable to type 'string'.
src/controllers/tripController.ts(46,22): error TS2322: Type 'string | string[]' is not assignable to type 'string | StringFilter<"Trip"> | undefined'.
  Type 'string[]' is not assignable to type 'string | StringFilter<"Trip"> | undefined'.
src/controllers/tripController.ts(73,61): error TS2322: Type 'string | string[]' is not assignable to type 'string | StringFilter<"Trip"> | undefined'.
  Type 'string[]' is not assignable to type 'string | StringFilter<"Trip"> | undefined'.
src/controllers/tripController.ts(82,17): error TS2322: Type 'string | string[]' is not assignable to type 'string | undefined'.
  Type 'string[]' is not assignable to type 'string'.
src/controllers/tripController.ts(99,22): error TS2322: Type 'string | string[]' is not assignable to type 'string | undefined'.
  Type 'string[]' is not assignable to type 'string'.
src/controllers/tripController.ts(117,49): error TS2322: Type 'string | string[]' is not assignable to type 'string | undefined'.
  Type 'string[]' is not assignable to type 'string'.
